[0m17:27:54.541080 [debug] [MainThread]: Sending event: {'category': 'dbt', 'action': 'invocation', 'label': 'start', 'context': [<snowplow_tracker.self_describing_json.SelfDescribingJson object at 0x000001BFB6DE21D0>, <snowplow_tracker.self_describing_json.SelfDescribingJson object at 0x000001BFB71E7A00>, <snowplow_tracker.self_describing_json.SelfDescribingJson object at 0x000001BFB71E5D50>]}


============================== 17:27:54.766669 | 8a36063f-5f9e-4682-8c55-1fea020a94d5 ==============================
[0m17:27:54.766669 [info ] [MainThread]: Running with dbt=1.11.11
[0m17:27:54.768680 [debug] [MainThread]: running dbt with arguments {'static_parser': 'True', 'no_print': 'None', 'version_check': 'True', 'warn_error_options': 'WarnErrorOptionsV2(error=[], warn=[], silence=[])', 'target_path': 'None', 'printer_width': '80', 'write_json': 'True', 'introspect': 'True', 'log_cache_events': 'False', 'empty': 'None', 'cache_selected_only': 'False', 'fail_fast': 'False', 'debug': 'False', 'log_format': 'default', 'partial_parse': 'True', 'send_anonymous_usage_stats': 'True', 'quiet': 'False', 'warn_error': 'None', 'profiles_dir': 'C:\\Users\\yraj6\\.dbt', 'use_colors': 'True', 'indirect_selection': 'eager', 'invocation_command': 'dbt init', 'use_experimental_parser': 'False', 'log_path': 'logs'}
[0m17:28:34.362270 [debug] [MainThread]: Starter project path: D:\AWS_DBT_SNOWFLAKE\.venv\lib\site-packages\dbt\include\starter_project
[0m17:28:34.559503 [info ] [MainThread]: 
Your new dbt project "aws_dbt_snowflake_project" was created!

For more information on how to configure the profiles.yml file,
please consult the dbt documentation here:

  https://docs.getdbt.com/docs/configure-your-profile

One more thing:

Need help? Don't hesitate to reach out to us via GitHub issues or on Slack:

  https://community.getdbt.com/

Happy modeling!

[0m17:28:34.559503 [info ] [MainThread]: Setting up your profile.
[0m17:28:53.432908 [debug] [MainThread]: Snowflake adapter: Setting snowflake.connector to ERROR (file logging only)
[0m17:28:53.432908 [debug] [MainThread]: Snowflake adapter: Setting botocore to ERROR (file logging only)
[0m17:28:53.432908 [debug] [MainThread]: Snowflake adapter: Setting boto3 to ERROR (file logging only)
[0m17:35:50.921041 [info ] [MainThread]: Profile aws_dbt_snowflake_project written to C:\Users\yraj6\.dbt\profiles.yml using target's profile_template.yml and your supplied values. Run 'dbt debug' to validate the connection.
[0m17:35:50.949710 [debug] [MainThread]: Command `dbt init` succeeded at 17:35:50.948705 after 476.74 seconds
[0m17:35:50.949710 [debug] [MainThread]: Sending event: {'category': 'dbt', 'action': 'invocation', 'label': 'end', 'context': [<snowplow_tracker.self_describing_json.SelfDescribingJson object at 0x000001BFB6DE21D0>, <snowplow_tracker.self_describing_json.SelfDescribingJson object at 0x000001BFB730A350>, <snowplow_tracker.self_describing_json.SelfDescribingJson object at 0x000001BFB7D40880>]}
[0m17:35:50.955732 [debug] [MainThread]: Flushing usage events
[0m17:35:53.376807 [debug] [MainThread]: An error was encountered while trying to flush usage events
[0m13:13:53.550033 [debug] [MainThread]: Sending event: {'category': 'dbt', 'action': 'invocation', 'label': 'start', 'context': [<snowplow_tracker.self_describing_json.SelfDescribingJson object at 0x00000254F338D840>, <snowplow_tracker.self_describing_json.SelfDescribingJson object at 0x00000254F46D43D0>, <snowplow_tracker.self_describing_json.SelfDescribingJson object at 0x00000254F46D41F0>]}


============================== 13:13:53.624450 | 7f8e8489-1ff1-46de-860a-49d54440b32c ==============================
[0m13:13:53.624450 [info ] [MainThread]: Running with dbt=1.11.11
[0m13:13:53.631846 [debug] [MainThread]: running dbt with arguments {'static_parser': 'True', 'no_print': 'None', 'version_check': 'True', 'warn_error_options': 'WarnErrorOptionsV2(error=[], warn=[], silence=[])', 'target_path': 'None', 'printer_width': '80', 'write_json': 'True', 'introspect': 'True', 'log_cache_events': 'False', 'empty': 'False', 'cache_selected_only': 'False', 'log_format': 'default', 'debug': 'False', 'fail_fast': 'False', 'partial_parse': 'True', 'send_anonymous_usage_stats': 'True', 'quiet': 'False', 'warn_error': 'None', 'profiles_dir': 'C:\\Users\\yraj6\\.dbt', 'use_colors': 'True', 'indirect_selection': 'eager', 'invocation_command': 'dbt run', 'use_experimental_parser': 'False', 'log_path': 'logs'}
[0m13:13:53.664923 [error] [MainThread]: Encountered an error:
Runtime Error
  No dbt_project.yml found at expected path D:\AWS_DBT_SNOWFLAKE\dbt_project.yml
  Verify that each entry within packages.yml (and their transitive dependencies) contains a file named dbt_project.yml
  
[0m13:13:53.675815 [debug] [MainThread]: Command `dbt run` failed at 13:13:53.674555 after 1.09 seconds
[0m13:13:53.679111 [debug] [MainThread]: Sending event: {'category': 'dbt', 'action': 'invocation', 'label': 'end', 'context': [<snowplow_tracker.self_describing_json.SelfDescribingJson object at 0x00000254F338D840>, <snowplow_tracker.self_describing_json.SelfDescribingJson object at 0x00000254ED6EBD30>, <snowplow_tracker.self_describing_json.SelfDescribingJson object at 0x00000254F46D41F0>]}
[0m13:13:53.679111 [debug] [MainThread]: Flushing usage events
[0m13:13:59.063660 [debug] [MainThread]: An error was encountered while trying to flush usage events
[0m13:14:45.089585 [debug] [MainThread]: Sending event: {'category': 'dbt', 'action': 'invocation', 'label': 'start', 'context': [<snowplow_tracker.self_describing_json.SelfDescribingJson object at 0x000001D6AE8ED7B0>, <snowplow_tracker.self_describing_json.SelfDescribingJson object at 0x000001D6AFC343D0>, <snowplow_tracker.self_describing_json.SelfDescribingJson object at 0x000001D6AFC341F0>]}


============================== 13:14:45.205163 | 948be9d1-1a0f-4237-9114-447498e38fd8 ==============================
[0m13:14:45.205163 [info ] [MainThread]: Running with dbt=1.11.11
[0m13:14:45.207185 [debug] [MainThread]: running dbt with arguments {'version_check': 'True', 'no_print': 'None', 'static_parser': 'True', 'target_path': 'None', 'warn_error_options': 'WarnErrorOptionsV2(error=[], warn=[], silence=[])', 'printer_width': '80', 'write_json': 'True', 'introspect': 'True', 'log_cache_events': 'False', 'empty': 'False', 'cache_selected_only': 'False', 'fail_fast': 'False', 'debug': 'False', 'log_format': 'default', 'partial_parse': 'True', 'send_anonymous_usage_stats': 'True', 'quiet': 'False', 'warn_error': 'None', 'profiles_dir': 'C:\\Users\\yraj6\\.dbt', 'use_colors': 'True', 'invocation_command': 'dbt run --select models/demo', 'indirect_selection': 'eager', 'use_experimental_parser': 'False', 'log_path': 'logs'}
[0m13:14:45.207185 [error] [MainThread]: Encountered an error:
Runtime Error
  No dbt_project.yml found at expected path D:\AWS_DBT_SNOWFLAKE\dbt_project.yml
  Verify that each entry within packages.yml (and their transitive dependencies) contains a file named dbt_project.yml
  
[0m13:14:45.215996 [debug] [MainThread]: Command `dbt run` failed at 13:14:45.215996 after 0.61 seconds
[0m13:14:45.219421 [debug] [MainThread]: Sending event: {'category': 'dbt', 'action': 'invocation', 'label': 'end', 'context': [<snowplow_tracker.self_describing_json.SelfDescribingJson object at 0x000001D6AE8ED7B0>, <snowplow_tracker.self_describing_json.SelfDescribingJson object at 0x000001D6A8CBBD30>, <snowplow_tracker.self_describing_json.SelfDescribingJson object at 0x000001D6AFC341F0>]}
[0m13:14:45.225677 [debug] [MainThread]: Flushing usage events
[0m13:14:47.192910 [debug] [MainThread]: An error was encountered while trying to flush usage events
[0m17:55:20.055570 [debug] [MainThread]: Sending event: {'category': 'dbt', 'action': 'invocation', 'label': 'start', 'context': [<snowplow_tracker.self_describing_json.SelfDescribingJson object at 0x000002CB67D7D7E0>, <snowplow_tracker.self_describing_json.SelfDescribingJson object at 0x000002CB68FB8E20>, <snowplow_tracker.self_describing_json.SelfDescribingJson object at 0x000002CB68FB9540>]}


============================== 17:55:20.069632 | b4dbdd6f-d7ac-4822-a1d1-0a8d1d4c4d24 ==============================
[0m17:55:20.069632 [info ] [MainThread]: Running with dbt=1.11.11
[0m17:55:20.092444 [debug] [MainThread]: running dbt with arguments {'version_check': 'True', 'no_print': 'None', 'static_parser': 'True', 'warn_error_options': 'WarnErrorOptionsV2(error=[], warn=[], silence=[])', 'target_path': 'None', 'printer_width': '80', 'write_json': 'True', 'empty': 'None', 'log_cache_events': 'False', 'introspect': 'True', 'cache_selected_only': 'False', 'log_format': 'default', 'debug': 'False', 'fail_fast': 'False', 'partial_parse': 'True', 'send_anonymous_usage_stats': 'True', 'quiet': 'False', 'warn_error': 'None', 'profiles_dir': 'C:\\Users\\yraj6\\.dbt', 'indirect_selection': 'eager', 'invocation_command': 'dbt debug', 'use_colors': 'True', 'use_experimental_parser': 'False', 'log_path': 'logs'}
[0m17:55:20.318753 [info ] [MainThread]: dbt version: 1.11.11
[0m17:55:20.320977 [info ] [MainThread]: python version: 3.10.20
[0m17:55:20.321966 [info ] [MainThread]: python path: D:\AWS_DBT_SNOWFLAKE\.venv\Scripts\python.exe
[0m17:55:20.323982 [info ] [MainThread]: os info: Windows-10-10.0.26200-SP0
[0m17:55:22.271735 [debug] [MainThread]: Snowflake adapter: Setting snowflake.connector to ERROR (file logging only)
[0m17:55:22.276433 [debug] [MainThread]: Snowflake adapter: Setting botocore to ERROR (file logging only)
[0m17:55:22.276433 [debug] [MainThread]: Snowflake adapter: Setting boto3 to ERROR (file logging only)
[0m17:55:22.510615 [info ] [MainThread]: Using profiles dir at C:\Users\yraj6\.dbt
[0m17:55:22.510615 [info ] [MainThread]: Using profiles.yml file at C:\Users\yraj6\.dbt\profiles.yml
[0m17:55:22.510615 [info ] [MainThread]: Using dbt_project.yml file at D:\AWS_DBT_SNOWFLAKE\dbt_project.yml
[0m17:55:22.526450 [info ] [MainThread]: adapter type: snowflake
[0m17:55:22.526450 [info ] [MainThread]: adapter version: 1.11.5
[0m17:55:22.526450 [info ] [MainThread]: Configuration:
[0m17:55:22.526450 [info ] [MainThread]:   profiles.yml file [[32mOK found and valid[0m]
[0m17:55:22.534580 [info ] [MainThread]:   dbt_project.yml file [[31mERROR not found[0m]
[0m17:55:22.534580 [info ] [MainThread]: Required dependencies:
[0m17:55:22.542781 [debug] [MainThread]: Executing "git --help"
[0m17:55:22.713143 [debug] [MainThread]: STDOUT: "b"usage: git [-v | --version] [-h | --help] [-C <path>] [-c <name>=<value>]\n           [--exec-path[=<path>]] [--html-path] [--man-path] [--info-path]\n           [-p | --paginate | -P | --no-pager] [--no-replace-objects] [--no-lazy-fetch]\n           [--no-optional-locks] [--no-advice] [--bare] [--git-dir=<path>]\n           [--work-tree=<path>] [--namespace=<name>] [--config-env=<name>=<envvar>]\n           <command> [<args>]\n\nThese are common Git commands used in various situations:\n\nstart a working area (see also: git help tutorial)\n   clone      Clone a repository into a new directory\n   init       Create an empty Git repository or reinitialize an existing one\n\nwork on the current change (see also: git help everyday)\n   add        Add file contents to the index\n   mv         Move or rename a file, a directory, or a symlink\n   restore    Restore working tree files\n   rm         Remove files from the working tree and from the index\n\nexamine the history and state (see also: git help revisions)\n   bisect     Use binary search to find the commit that introduced a bug\n   diff       Show changes between commits, commit and working tree, etc\n   grep       Print lines matching a pattern\n   log        Show commit logs\n   show       Show various types of objects\n   status     Show the working tree status\n\ngrow, mark and tweak your common history\n   backfill   Download missing objects in a partial clone\n   branch     List, create, or delete branches\n   commit     Record changes to the repository\n   history    EXPERIMENTAL: Rewrite history\n   merge      Join two or more development histories together\n   rebase     Reapply commits on top of another base tip\n   reset      Set `HEAD` or the index to a known state\n   switch     Switch branches\n   tag        Create, list, delete or verify tags\n\ncollaborate (see also: git help workflows)\n   fetch      Download objects and refs from another repository\n   pull       Fetch from and integrate with another repository or a local branch\n   push       Update remote refs along with associated objects\n\n'git help -a' and 'git help -g' list available subcommands and some\nconcept guides. See 'git help <command>' or 'git help <concept>'\nto read about a specific subcommand or concept.\nSee 'git help git' for an overview of the system.\n""
[0m17:55:22.723100 [debug] [MainThread]: STDERR: "b''"
[0m17:55:22.723100 [info ] [MainThread]:  - git [[32mOK found[0m]

[0m17:55:22.723100 [info ] [MainThread]: Connection:
[0m17:55:22.737823 [info ] [MainThread]:   account: JQRFSJN-LJ92165
[0m17:55:22.738835 [info ] [MainThread]:   user: yashvardhanRaj
[0m17:55:22.738835 [info ] [MainThread]:   database: AIRBNBSNOW
[0m17:55:22.738835 [info ] [MainThread]:   warehouse: COMPUTE_WH
[0m17:55:22.747130 [info ] [MainThread]:   role: ACCOUNTADMIN
[0m17:55:22.749148 [info ] [MainThread]:   schema: dbt_schema
[0m17:55:22.751163 [info ] [MainThread]:   authenticator: None
[0m17:55:22.751163 [info ] [MainThread]:   oauth_client_id: None
[0m17:55:22.754808 [info ] [MainThread]:   query_tag: None
[0m17:55:22.754808 [info ] [MainThread]:   client_session_keep_alive: False
[0m17:55:22.754808 [info ] [MainThread]:   host: None
[0m17:55:22.762608 [info ] [MainThread]:   port: None
[0m17:55:22.762608 [info ] [MainThread]:   proxy_host: None
[0m17:55:22.762608 [info ] [MainThread]:   proxy_port: None
[0m17:55:22.762608 [info ] [MainThread]:   protocol: None
[0m17:55:22.770902 [info ] [MainThread]:   connect_retries: 1
[0m17:55:22.770902 [info ] [MainThread]:   connect_timeout: None
[0m17:55:22.770902 [info ] [MainThread]:   retry_on_database_errors: False
[0m17:55:22.770902 [info ] [MainThread]:   retry_all: False
[0m17:55:22.779231 [info ] [MainThread]:   insecure_mode: False
[0m17:55:22.779231 [info ] [MainThread]:   reuse_connections: True
[0m17:55:22.779231 [info ] [MainThread]:   s3_stage_vpce_dns_name: None
[0m17:55:22.787031 [info ] [MainThread]:   platform_detection_timeout_seconds: 0.0
[0m17:55:22.787031 [info ] [MainThread]: Registered adapter: snowflake=1.11.5
[0m17:55:25.283118 [debug] [MainThread]: Acquiring new snowflake connection 'debug'
[0m17:55:25.584273 [debug] [MainThread]: Using snowflake connection "debug"
[0m17:55:25.584273 [debug] [MainThread]: On debug: select 1 as id
[0m17:55:25.584273 [debug] [MainThread]: Opening a new connection, currently in state init
[0m17:55:27.686923 [debug] [MainThread]: SQL status: SUCCESS 1 in 2.103 seconds
[0m17:55:27.686923 [info ] [MainThread]:   Connection test: [[32mOK connection ok[0m]

[0m17:55:27.686923 [info ] [MainThread]: [31m1 check failed:[0m
[0m17:55:27.686923 [info ] [MainThread]: Project loading failed for the following reason:
 project path <D:\AWS_DBT_SNOWFLAKE\dbt_project.yml> not found

[0m17:55:27.686923 [debug] [MainThread]: Command `dbt debug` failed at 17:55:27.686923 after 8.10 seconds
[0m17:55:27.686923 [debug] [MainThread]: Connection 'debug' was left open.
[0m17:55:27.686923 [debug] [MainThread]: On debug: Close
[0m17:55:28.120243 [debug] [MainThread]: Sending event: {'category': 'dbt', 'action': 'invocation', 'label': 'end', 'context': [<snowplow_tracker.self_describing_json.SelfDescribingJson object at 0x000002CB67D7D7E0>, <snowplow_tracker.self_describing_json.SelfDescribingJson object at 0x000002CB6B1BBD90>, <snowplow_tracker.self_describing_json.SelfDescribingJson object at 0x000002CB6B1BBE80>]}
[0m17:55:28.122254 [debug] [MainThread]: Flushing usage events
[0m17:55:30.769594 [debug] [MainThread]: An error was encountered while trying to flush usage events
